  Determining projects to restore...
  All projects are up-to-date for restore.
  TextToSqlAgent.Core -> D:\DACN1\TextToSqlAgent\TextToSqlAgent.Core\bin\Debug\net10.0\TextToSqlAgent.Core.dll
D:\DACN1\TextToSqlAgent\TextToSqlAgent.Infrastructure\Database\SchemaScanner.cs(15,11): error CS8954: Source file can only contain one file-scoped namespace declaration. [D:\DACN1\TextToSqlAgent\TextToSqlAgent.Infrastructure\TextToSqlAgent.Infrastructure.csproj]
D:\DACN1\TextToSqlAgent\TextToSqlAgent.Infrastructure\Database\SqlExecutor.cs(25,11): error CS8954: Source file can only contain one file-scoped namespace declaration. [D:\DACN1\TextToSqlAgent\TextToSqlAgent.Infrastructure\TextToSqlAgent.Infrastructure.csproj]
D:\DACN1\TextToSqlAgent\TextToSqlAgent.Infrastructure\Database\SchemaScanner.cs(11,22): error CS0234: The type or namespace name 'Core' does not exist in the namespace 'TextToSqlAgent.Infrastructure.Database.TextToSqlAgent' (are you missing an assembly reference?) [D:\DACN1\TextToSqlAgent\TextToSqlAgent.Infrastructure\TextToSqlAgent.Infrastructure.csproj]
D:\DACN1\TextToSqlAgent\TextToSqlAgent.Infrastructure\Database\SchemaScanner.cs(12,22): error CS0234: The type or namespace name 'Core' does not exist in the namespace 'TextToSqlAgent.Infrastructure.Database.TextToSqlAgent' (are you missing an assembly reference?) [D:\DACN1\TextToSqlAgent\TextToSqlAgent.Infrastructure\TextToSqlAgent.Infrastructure.csproj]
D:\DACN1\TextToSqlAgent\TextToSqlAgent.Infrastructure\Database\SchemaScanner.cs(13,37): error CS0234: The type or namespace name 'Configuration' does not exist in the namespace 'TextToSqlAgent.Infrastructure.Database.TextToSqlAgent.Infrastructure' (are you missing an assembly reference?) [D:\DACN1\TextToSqlAgent\TextToSqlAgent.Infrastructure\TextToSqlAgent.Infrastructure.csproj]
D:\DACN1\TextToSqlAgent\TextToSqlAgent.Infrastructure\Database\SqlExecutor.cs(20,22): error CS0234: The type or namespace name 'Core' does not exist in the namespace 'TextToSqlAgent.Infrastructure.Database.TextToSqlAgent' (are you missing an assembly reference?) [D:\DACN1\TextToSqlAgent\TextToSqlAgent.Infrastructure\TextToSqlAgent.Infrastructure.csproj]
D:\DACN1\TextToSqlAgent\TextToSqlAgent.Infrastructure\Database\SqlExecutor.cs(21,22): error CS0234: The type or namespace name 'Core' does not exist in the namespace 'TextToSqlAgent.Infrastructure.Database.TextToSqlAgent' (are you missing an assembly reference?) [D:\DACN1\TextToSqlAgent\TextToSqlAgent.Infrastructure\TextToSqlAgent.Infrastructure.csproj]
D:\DACN1\TextToSqlAgent\TextToSqlAgent.Infrastructure\Database\SqlExecutor.cs(22,37): error CS0234: The type or namespace name 'Configuration' does not exist in the namespace 'TextToSqlAgent.Infrastructure.Database.TextToSqlAgent.Infrastructure' (are you missing an assembly reference?) [D:\DACN1\TextToSqlAgent\TextToSqlAgent.Infrastructure\TextToSqlAgent.Infrastructure.csproj]
D:\DACN1\TextToSqlAgent\TextToSqlAgent.Infrastructure\Database\SqlExecutor.cs(23,37): error CS0234: The type or namespace name 'ErrorHandling' does not exist in the namespace 'TextToSqlAgent.Infrastructure.Database.TextToSqlAgent.Infrastructure' (are you missing an assembly reference?) [D:\DACN1\TextToSqlAgent\TextToSqlAgent.Infrastructure\TextToSqlAgent.Infrastructure.csproj]
D:\DACN1\TextToSqlAgent\TextToSqlAgent.Infrastructure\Database\SchemaScanner.cs(20,22): error CS0246: The type or namespace name 'IDatabaseAdapter' could not be found (are you missing a using directive or an assembly reference?) [D:\DACN1\TextToSqlAgent\TextToSqlAgent.Infrastructure\TextToSqlAgent.Infrastructure.csproj]
D:\DACN1\TextToSqlAgent\TextToSqlAgent.Infrastructure\Database\SchemaScanner.cs(23,49): error CS0246: The type or namespace name 'IDatabaseAdapter' could not be found (are you missing a using directive or an assembly reference?) [D:\DACN1\TextToSqlAgent\TextToSqlAgent.Infrastructure\TextToSqlAgent.Infrastructure.csproj]
D:\DACN1\TextToSqlAgent\TextToSqlAgent.Infrastructure\Database\SqlExecutor.cs(30,22): error CS0246: The type or namespace name 'IDatabaseAdapter' could not be found (are you missing a using directive or an assembly reference?) [D:\DACN1\TextToSqlAgent\TextToSqlAgent.Infrastructure\TextToSqlAgent.Infrastructure.csproj]
D:\DACN1\TextToSqlAgent\TextToSqlAgent.Infrastructure\Database\SqlExecutor.cs(38,9): error CS0246: The type or namespace name 'IDatabaseAdapter' could not be found (are you missing a using directive or an assembly reference?) [D:\DACN1\TextToSqlAgent\TextToSqlAgent.Infrastructure\TextToSqlAgent.Infrastructure.csproj]

Build FAILED.

D:\DACN1\TextToSqlAgent\TextToSqlAgent.Infrastructure\Database\SchemaScanner.cs(15,11): error CS8954: Source file can only contain one file-scoped namespace declaration. [D:\DACN1\TextToSqlAgent\TextToSqlAgent.Infrastructure\TextToSqlAgent.Infrastructure.csproj]
D:\DACN1\TextToSqlAgent\TextToSqlAgent.Infrastructure\Database\SqlExecutor.cs(25,11): error CS8954: Source file can only contain one file-scoped namespace declaration. [D:\DACN1\TextToSqlAgent\TextToSqlAgent.Infrastructure\TextToSqlAgent.Infrastructure.csproj]
D:\DACN1\TextToSqlAgent\TextToSqlAgent.Infrastructure\Database\SchemaScanner.cs(11,22): error CS0234: The type or namespace name 'Core' does not exist in the namespace 'TextToSqlAgent.Infrastructure.Database.TextToSqlAgent' (are you missing an assembly reference?) [D:\DACN1\TextToSqlAgent\TextToSqlAgent.Infrastructure\TextToSqlAgent.Infrastructure.csproj]
D:\DACN1\TextToSqlAgent\TextToSqlAgent.Infrastructure\Database\SchemaScanner.cs(12,22): error CS0234: The type or namespace name 'Core' does not exist in the namespace 'TextToSqlAgent.Infrastructure.Database.TextToSqlAgent' (are you missing an assembly reference?) [D:\DACN1\TextToSqlAgent\TextToSqlAgent.Infrastructure\TextToSqlAgent.Infrastructure.csproj]
D:\DACN1\TextToSqlAgent\TextToSqlAgent.Infrastructure\Database\SchemaScanner.cs(13,37): error CS0234: The type or namespace name 'Configuration' does not exist in the namespace 'TextToSqlAgent.Infrastructure.Database.TextToSqlAgent.Infrastructure' (are you missing an assembly reference?) [D:\DACN1\TextToSqlAgent\TextToSqlAgent.Infrastructure\TextToSqlAgent.Infrastructure.csproj]
D:\DACN1\TextToSqlAgent\TextToSqlAgent.Infrastructure\Database\SqlExecutor.cs(20,22): error CS0234: The type or namespace name 'Core' does not exist in the namespace 'TextToSqlAgent.Infrastructure.Database.TextToSqlAgent' (are you missing an assembly reference?) [D:\DACN1\TextToSqlAgent\TextToSqlAgent.Infrastructure\TextToSqlAgent.Infrastructure.csproj]
D:\DACN1\TextToSqlAgent\TextToSqlAgent.Infrastructure\Database\SqlExecutor.cs(21,22): error CS0234: The type or namespace name 'Core' does not exist in the namespace 'TextToSqlAgent.Infrastructure.Database.TextToSqlAgent' (are you missing an assembly reference?) [D:\DACN1\TextToSqlAgent\TextToSqlAgent.Infrastructure\TextToSqlAgent.Infrastructure.csproj]
D:\DACN1\TextToSqlAgent\TextToSqlAgent.Infrastructure\Database\SqlExecutor.cs(22,37): error CS0234: The type or namespace name 'Configuration' does not exist in the namespace 'TextToSqlAgent.Infrastructure.Database.TextToSqlAgent.Infrastructure' (are you missing an assembly reference?) [D:\DACN1\TextToSqlAgent\TextToSqlAgent.Infrastructure\TextToSqlAgent.Infrastructure.csproj]
D:\DACN1\TextToSqlAgent\TextToSqlAgent.Infrastructure\Database\SqlExecutor.cs(23,37): error CS0234: The type or namespace name 'ErrorHandling' does not exist in the namespace 'TextToSqlAgent.Infrastructure.Database.TextToSqlAgent.Infrastructure' (are you missing an assembly reference?) [D:\DACN1\TextToSqlAgent\TextToSqlAgent.Infrastructure\TextToSqlAgent.Infrastructure.csproj]
D:\DACN1\TextToSqlAgent\TextToSqlAgent.Infrastructure\Database\SchemaScanner.cs(20,22): error CS0246: The type or namespace name 'IDatabaseAdapter' could not be found (are you missing a using directive or an assembly reference?) [D:\DACN1\TextToSqlAgent\TextToSqlAgent.Infrastructure\TextToSqlAgent.Infrastructure.csproj]
D:\DACN1\TextToSqlAgent\TextToSqlAgent.Infrastructure\Database\SchemaScanner.cs(23,49): error CS0246: The type or namespace name 'IDatabaseAdapter' could not be found (are you missing a using directive or an assembly reference?) [D:\DACN1\TextToSqlAgent\TextToSqlAgent.Infrastructure\TextToSqlAgent.Infrastructure.csproj]
D:\DACN1\TextToSqlAgent\TextToSqlAgent.Infrastructure\Database\SqlExecutor.cs(30,22): error CS0246: The type or namespace name 'IDatabaseAdapter' could not be found (are you missing a using directive or an assembly reference?) [D:\DACN1\TextToSqlAgent\TextToSqlAgent.Infrastructure\TextToSqlAgent.Infrastructure.csproj]
D:\DACN1\TextToSqlAgent\TextToSqlAgent.Infrastructure\Database\SqlExecutor.cs(38,9): error CS0246: The type or namespace name 'IDatabaseAdapter' could not be found (are you missing a using directive or an assembly reference?) [D:\DACN1\TextToSqlAgent\TextToSqlAgent.Infrastructure\TextToSqlAgent.Infrastructure.csproj]
    0 Warning(s)
    13 Error(s)

Time Elapsed 00:00:01.11
