   1:7>D:\DACN1\TextToSqlAgent\TextToSqlAgent.Tests.Unit\API\AuthenticationServiceTests.cs(6,26): error CS0234: The type or namespace name 'Data' does not exist in the namespace 'TextToSqlAgent.API' (are you missing an assembly reference?) [D:\DACN1\TextToSqlAgent\TextToSqlAgent.Tests.Unit\TextToSqlAgent.Tests.Unit.csproj]
   1:7>D:\DACN1\TextToSqlAgent\TextToSqlAgent.Tests.Unit\API\AuthenticationServiceTests.cs(20,22): error CS0246: The type or namespace name 'AppDbContext' could not be found (are you missing a using directive or an assembly reference?) [D:\DACN1\TextToSqlAgent\TextToSqlAgent.Tests.Unit\TextToSqlAgent.Tests.Unit.csproj]
